INFO:     Will watch for changes in these directories: ['/Users/zzr/Desktop/交互-毕业论文/backend']
INFO:     Uvicorn running on http://0.0.0.0:8000 (Press CTRL+C to quit)
INFO:     Started reloader process [18648] using WatchFiles
Process SpawnProcess-1:
Traceback (most recent call last):
  File "/Users/zzr/Desktop/交互-毕业论文/backend/main.py", line 27, in <module>
    from zai import ZhipuAiClient
ModuleNotFoundError: No module named 'zai'

During handling of the above exception, another exception occurred:

Traceback (most recent call last):
  File "/Library/Developer/CommandLineTools/Library/Frameworks/Python3.framework/Versions/3.9/lib/python3.9/multiprocessing/process.py", line 315, in _bootstrap
    self.run()
  File "/Library/Developer/CommandLineTools/Library/Frameworks/Python3.framework/Versions/3.9/lib/python3.9/multiprocessing/process.py", line 108, in run
    self._target(*self._args, **self._kwargs)
  File "/Users/zzr/Library/Python/3.9/lib/python/site-packages/uvicorn/_subprocess.py", line 80, in subprocess_started
    target(sockets=sockets)
  File "/Users/zzr/Library/Python/3.9/lib/python/site-packages/uvicorn/server.py", line 67, in run
    return asyncio_run(self.serve(sockets=sockets), loop_factory=self.config.get_loop_factory())
  File "/Users/zzr/Library/Python/3.9/lib/python/site-packages/uvicorn/_compat.py", line 60, in asyncio_run
    return loop.run_until_complete(main)
  File "uvloop/loop.pyx", line 1518, in uvloop.loop.Loop.run_until_complete
  File "/Users/zzr/Library/Python/3.9/lib/python/site-packages/uvicorn/server.py", line 71, in serve
    await self._serve(sockets)
  File "/Users/zzr/Library/Python/3.9/lib/python/site-packages/uvicorn/server.py", line 78, in _serve
    config.load()
  File "/Users/zzr/Library/Python/3.9/lib/python/site-packages/uvicorn/config.py", line 439, in load
    self.loaded_app = import_from_string(self.app)
  File "/Users/zzr/Library/Python/3.9/lib/python/site-packages/uvicorn/importer.py", line 19, in import_from_string
    module = importlib.import_module(module_str)
  File "/Library/Developer/CommandLineTools/Library/Frameworks/Python3.framework/Versions/3.9/lib/python3.9/importlib/__init__.py", line 127, in import_module
    return _bootstrap._gcd_import(name[level:], package, level)
  File "<frozen importlib._bootstrap>", line 1030, in _gcd_import
  File "<frozen importlib._bootstrap>", line 1007, in _find_and_load
  File "<frozen importlib._bootstrap>", line 986, in _find_and_load_unlocked
  File "<frozen importlib._bootstrap>", line 680, in _load_unlocked
  File "<frozen importlib._bootstrap_external>", line 850, in exec_module
  File "<frozen importlib._bootstrap>", line 228, in _call_with_frames_removed
  File "/Users/zzr/Desktop/交互-毕业论文/backend/main.py", line 33, in <module>
    logger.info("智谱AI SDK已加载 (旧版本)")
NameError: name 'logger' is not defined
WARNING:  WatchFiles detected changes in 'main.py'. Reloading...
Process SpawnProcess-2:
Traceback (most recent call last):
  File "/Users/zzr/Desktop/交互-毕业论文/backend/main.py", line 27, in <module>
    from zai import ZhipuAiClient
ModuleNotFoundError: No module named 'zai'

During handling of the above exception, another exception occurred:

Traceback (most recent call last):
  File "/Library/Developer/CommandLineTools/Library/Frameworks/Python3.framework/Versions/3.9/lib/python3.9/multiprocessing/process.py", line 315, in _bootstrap
    self.run()
  File "/Library/Developer/CommandLineTools/Library/Frameworks/Python3.framework/Versions/3.9/lib/python3.9/multiprocessing/process.py", line 108, in run
    self._target(*self._args, **self._kwargs)
  File "/Users/zzr/Library/Python/3.9/lib/python/site-packages/uvicorn/_subprocess.py", line 80, in subprocess_started
    target(sockets=sockets)
  File "/Users/zzr/Library/Python/3.9/lib/python/site-packages/uvicorn/server.py", line 67, in run
    return asyncio_run(self.serve(sockets=sockets), loop_factory=self.config.get_loop_factory())
  File "/Users/zzr/Library/Python/3.9/lib/python/site-packages/uvicorn/_compat.py", line 60, in asyncio_run
    return loop.run_until_complete(main)
  File "uvloop/loop.pyx", line 1518, in uvloop.loop.Loop.run_until_complete
  File "/Users/zzr/Library/Python/3.9/lib/python/site-packages/uvicorn/server.py", line 71, in serve
    await self._serve(sockets)
  File "/Users/zzr/Library/Python/3.9/lib/python/site-packages/uvicorn/server.py", line 78, in _serve
    config.load()
  File "/Users/zzr/Library/Python/3.9/lib/python/site-packages/uvicorn/config.py", line 439, in load
    self.loaded_app = import_from_string(self.app)
  File "/Users/zzr/Library/Python/3.9/lib/python/site-packages/uvicorn/importer.py", line 19, in import_from_string
    module = importlib.import_module(module_str)
  File "/Library/Developer/CommandLineTools/Library/Frameworks/Python3.framework/Versions/3.9/lib/python3.9/importlib/__init__.py", line 127, in import_module
    return _bootstrap._gcd_import(name[level:], package, level)
  File "<frozen importlib._bootstrap>", line 1030, in _gcd_import
  File "<frozen importlib._bootstrap>", line 1007, in _find_and_load
  File "<frozen importlib._bootstrap>", line 986, in _find_and_load_unlocked
  File "<frozen importlib._bootstrap>", line 680, in _load_unlocked
  File "<frozen importlib._bootstrap_external>", line 850, in exec_module
  File "<frozen importlib._bootstrap>", line 228, in _call_with_frames_removed
  File "/Users/zzr/Desktop/交互-毕业论文/backend/main.py", line 33, in <module>
    logger.info("智谱AI SDK已加载 (旧版本)")
NameError: name 'logger' is not defined
INFO:     Stopping reloader process [18648]
